<html>
<body>
<pre>
<h1>µVision Build Log</h1>
<h2>Tool Versions:</h2>
IDE-Version: µVision V5.37.0.0
Copyright (C) 2022 ARM Ltd and ARM Germany GmbH. All rights reserved.
License Information: Angela Bureaca, Bureaca, LIC=----
 
Tool Versions:
Toolchain:       MDK-Lite  Version: 5.37.0.0
Toolchain Path:  C:\Keil_v5\ARM\ARMCLANG\Bin
C Compiler:      ArmClang.exe V6.18
Assembler:       Armasm.exe V6.18
Linker/Locator:  ArmLink.exe V6.18
Library Manager: ArmAr.exe V6.18
Hex Converter:   FromElf.exe V6.18
CPU DLL:         SARMCM3.DLL V5.37.0.0
Dialog DLL:      DARMCM1.DLL V1.19.6.0
Target DLL:      CMSIS_AGDI.dll V1.33.12.0
Dialog DLL:      TARMCM1.DLL V1.14.6.0
 
<h2>Project:</h2>
C:\Users\angel\Desktop\anul 4\SEM 1\Microprocesoare - A\PROIECT_Angi+David\test_send_receive\echo_buffer.uvprojx
Project File Date:  12/07/2023

<h2>Output:</h2>
*** Using Compiler 'V6.18', folder: 'C:\Keil_v5\ARM\ARMCLANG\Bin'
Build target 'Target 1'
Uart.c(1): warning: In file included from...
./Uart.h(3): warning: // comments are not allowed in this language [-Wcomment]
void UART0_Transmit(uint8_t data); // Functie folostia pentru a trimite un octet catre interfata UART
                                   ^
./Uart.h(6): warning: no newline at end of file [-Wnewline-eof]
void UART0_IRQHandler(void); // Handler-ul de intreruperi
                                                         ^
Uart.c(15): warning: // comments are not allowed in this language [-Wcomment]
        //Punem in asteptare pana cand registrul de transmisie a datelor nu este gol
        ^
Uart.c(16): warning: while loop has empty body [-Wempty-body]
        while(!(UART0->S1 & UART0_S1_TDRE_MASK));
                                                ^
Uart.c(16): note: put the semicolon on a separate line to silence this warning
Uart.c(24): warning: while loop has empty body [-Wempty-body]
        while(!(UART0->S1 & UART0_S1_RDRF_MASK));
                                                ^
Uart.c(24): note: put the semicolon on a separate line to silence this warning
Uart.c(54): warning: mixing declarations and code is a C99 extension [-Wdeclaration-after-statement]
        uint32_t osr = 15; // Over-Sampling Rate (numarul de esantioane luate per bit-time)
                 ^
Uart.c(29): warning: no previous prototype for function 'UART0_Init' [-Wmissing-prototypes]
void UART0_Init(uint32_t baud_rate)
     ^
Uart.c(29): note: declare 'static' if the function is not intended to be used outside of this translation unit
void UART0_Init(uint32_t baud_rate)
^
static 
Uart.c(107): warning: no newline at end of file [-Wnewline-eof]
}
 ^
Uart.c(3): warning: no previous extern declaration for non-static variable 'c' [-Wmissing-variable-declarations]
char c; 
     ^
Uart.c(3): note: declare 'static' if the variable is not intended to be used outside of this translation unit
char c; 
^
Uart.c(4): warning: no previous extern declaration for non-static variable 'buffer' [-Wmissing-variable-declarations]
char buffer[32];
     ^
Uart.c(4): note: declare 'static' if the variable is not intended to be used outside of this translation unit
char buffer[32];
^
Uart.c(6): warning: no previous extern declaration for non-static variable 'write' [-Wmissing-variable-declarations]
int write, read;
    ^
Uart.c(6): note: declare 'static' if the variable is not intended to be used outside of this translation unit
int write, read;
^
Uart.c(6): warning: no previous extern declaration for non-static variable 'read' [-Wmissing-variable-declarations]
int write, read;
           ^
Uart.c(6): note: declare 'static' if the variable is not intended to be used outside of this translation unit
int write, read;
^
Uart.c(7): warning: no previous extern declaration for non-static variable 'print_buffer' [-Wmissing-variable-declarations]
int print_buffer;
    ^
Uart.c(7): note: declare 'static' if the variable is not intended to be used outside of this translation unit
int print_buffer;
^
Uart.c(8): warning: no previous extern declaration for non-static variable 'full' [-Wmissing-variable-declarations]
int full;
    ^
Uart.c(8): note: declare 'static' if the variable is not intended to be used outside of this translation unit
int full;
^
14 warnings generated.
compiling Uart.c...
Pit.c(1): warning: In file included from...
./Pit.h(3): warning: // comments are not allowed in this language [-Wcomment]
void PIT_Init(void); // Functie de initializarea a modulului periferic
                     ^
./Pit.h(5): warning: no newline at end of file [-Wnewline-eof]
uint8_t UTILS_PrintTimer(uint32_t value); // Functie menita sa printeze o valoare numarata in formatul MM:SS
                                                                                                            ^
Pit.c(2): warning: In file included from...
./Uart.h(3): warning: // comments are not allowed in this language [-Wcomment]
void UART0_Transmit(uint8_t data); // Functie folostia pentru a trimite un octet catre interfata UART
                                   ^
./Uart.h(6): warning: no newline at end of file [-Wnewline-eof]
void UART0_IRQHandler(void); // Handler-ul de intreruperi
                                                         ^
Pit.c(4): warning: // comments are not allowed in this language [-Wcomment]
#define LED_PIN (12) // PORT A
                     ^
Pit.c(6): warning: no previous extern declaration for non-static variable 'order_leds' [-Wmissing-variable-declarations]
char order_leds = '0'; // 0 inseamna ca ordinea e normala : verde(0), albastru(1), magenta(2), negru(3); si led_state = 3
     ^
Pit.c(6): note: declare 'static' if the variable is not intended to be used outside of this translation unit
char order_leds = '0'; // 0 inseamna ca ordinea e normala : verde(0), albastru(1), magenta(2), negru(3); si led_state = 3
^
Pit.c(8): warning: no previous extern declaration for non-static variable 'is_changed' [-Wmissing-variable-declarations]
char is_changed = '0';
     ^
Pit.c(8): note: declare 'static' if the variable is not intended to be used outside of this translation unit
char is_changed = '0';
^
Pit.c(9): warning: no previous extern declaration for non-static variable 'led_state' [-Wmissing-variable-declarations]
uint8_t led_state = 3; 
        ^
Pit.c(9): note: declare 'static' if the variable is not intended to be used outside of this translation unit
uint8_t led_state = 3; 
^
Pit.c(39): warning: implicit conversion loses integer precision: 'unsigned int' to 'uint8_t' (aka 'unsigned char') [-Wimplicit-int-conversion]
        uint8_t minutes = value/60;
                ~~~~~~~   ~~~~~^~~
Pit.c(52): warning: non-void function does not return a value [-Wreturn-type]
}
^
Pit.c(123): warning: no newline at end of file [-Wnewline-eof]
}
 ^
Pit.c(5): warning: no previous extern declaration for non-static variable 'timer_value' [-Wmissing-variable-declarations]
uint32_t timer_value;
         ^
Pit.c(5): note: declare 'static' if the variable is not intended to be used outside of this translation unit
uint32_t timer_value;
^
12 warnings generated.
compiling Pit.c...
linking...
Program Size: Code=2560 RO-data=224 RW-data=4 ZI-data=408  
".\Objects\echo_buffer.axf" - 0 Error(s), 26 Warning(s).

<h2>Software Packages used:</h2>

Package Vendor: ARM
                http://www.keil.com/pack/ARM.CMSIS.5.9.0.pack
                ARM.CMSIS.5.9.0
                CMSIS (Common Microcontroller Software Interface Standard)
   * Component: CORE Version: 5.6.0

Package Vendor: Keil
                https://www.keil.com/pack/Keil.Kinetis_KLxx_DFP.1.15.1.pack
                Keil.Kinetis_KLxx_DFP.1.15.1
                NXP Kinetis KLxx Series Device Support and Examples
   * Component: Startup Version: 2.5.0

<h2>Collection of Component include folders:</h2>
  ./RTE/Device/MKL25Z128xxx4
  ./RTE/_Target_1
  C:/Users/angel/AppData/Local/Arm/Packs/ARM/CMSIS/5.9.0/CMSIS/Core/Include
  C:/Users/angel/AppData/Local/Arm/Packs/Keil/Kinetis_KLxx_DFP/1.15.1/Device/Include

<h2>Collection of Component Files used:</h2>

   * Component: ARM::CMSIS:CORE:5.6.0

   * Component: Keil::Device:Startup:2.5.0
      Source file:   Device/Source/system_MKL25Z4.c
      Include file:  Device/Source/system_MKL25Z4.h
      Source file:   Device/Source/ARM/startup_MKL25Z4.s
Build Time Elapsed:  00:00:01
</pre>
</body>
</html>
