<html>
<body>
<pre>
<h1>µVision Build Log</h1>
<h2>Tool Versions:</h2>
IDE-Version: µVision V5.38.0.0
Copyright (C) 2022 ARM Ltd and ARM Germany GmbH. All rights reserved.
License Information: David Hutanu, Academia Tehnica Militara Ferdinand I, LIC=----
 
Tool Versions:
Toolchain:       MDK-Lite  Version: 5.38.0.0
Toolchain Path:  C:\Keil_v5\ARM\ARMCLANG\Bin
C Compiler:      ArmClang.exe V6.19
Assembler:       Armasm.exe V6.19
Linker/Locator:  ArmLink.exe V6.19
Library Manager: ArmAr.exe V6.19
Hex Converter:   FromElf.exe V6.19
CPU DLL:         SARMCM3.DLL V5.38.0.0
Dialog DLL:      DARMCM1.DLL V1.19.6.0
Target DLL:      CMSIS_AGDI.dll V1.33.15.0
Dialog DLL:      TARMCM1.DLL V1.14.6.0
 
<h2>Project:</h2>
D:\An 4\Eu\Microprocesoare\proiect_git\Proiect-uP\SRC\test_leduri\leduri.uvprojx
Project File Date:  12/02/2023

<h2>Output:</h2>
*** Using Compiler 'V6.19', folder: 'C:\Keil_v5\ARM\ARMCLANG\Bin'
Build target 'Target 1'
main.c(2): warning: In file included from...
./Pit.h(3): warning: // comments are not allowed in this language [-Wcomment]
void PIT_Init(void); // Functie de initializarea a modulului periferic
                     ^
./Pit.h(5): warning: no newline at end of file [-Wnewline-eof]
uint8_t UTILS_PrintTimer(uint32_t value); // Functie menita sa printeze o valoare numarata in formatul MM:SS
                                                                                                            ^
main.c(3): warning: In file included from...
./Uart.h(3): warning: // comments are not allowed in this language [-Wcomment]
void UART0_Transmit(uint8_t data); // Functie folostia pentru a trimite un octet catre interfata UART
                                   ^
./Uart.h(6): warning: no newline at end of file [-Wnewline-eof]
void UART0_IRQHandler(void); // Handler-ul de intreruperi
                                                         ^
main.c(5): warning: In file included from...
./Adc.h(6): warning: no newline at end of file [-Wnewline-eof]
void getRotationSensorValue(void);
                                  ^
main.c(12): warning: a function declaration without a prototype is deprecated in all versions of C [-Wstrict-prototypes]
int main()
        ^
         void
main.c(14): warning: implicit declaration of function 'UART0_Init' [-Wimplicit-function-declaration]
        UART0_Init(9600);
        ^
main.c(25): warning: // comments are not allowed in this language [-Wcomment]
                                //pt enter
                                ^
main.c(40): warning: no newline at end of file [-Wnewline-eof]
}
 ^
main.c(38): warning: 'return' will never be executed [-Wunreachable-code-return]
        return 0;
               ^
10 warnings generated.
compiling main.c...
Adc.c(1): warning: In file included from...
./Adc.h(6): warning: no newline at end of file [-Wnewline-eof]
void getRotationSensorValue(void);
                                  ^
Adc.c(2): warning: In file included from...
./Uart.h(3): warning: // comments are not allowed in this language [-Wcomment]
void UART0_Transmit(uint8_t data); // Functie folostia pentru a trimite un octet catre interfata UART
                                   ^
./Uart.h(6): warning: no newline at end of file [-Wnewline-eof]
void UART0_IRQHandler(void); // Handler-ul de intreruperi
                                                         ^
Adc.c(4): warning: // comments are not allowed in this language [-Wcomment]
#define ROTATION_SENSOR (13) // PTC2
                             ^
Adc.c(6): warning: a function declaration without a prototype is deprecated in all versions of C [-Wstrict-prototypes]
void ADC0_Init() {
              ^
               void
Adc.c(38): warning: a function declaration without a prototype is deprecated in all versions of C [-Wstrict-prototypes]
int ADC0_Calibrate() 
                  ^
                   void
Adc.c(54): warning: mixing declarations and code is a C99 extension [-Wdeclaration-after-statement]
        uint16_t calValue = 0x0000;
                 ^
Adc.c(95): warning: a function declaration without a prototype is deprecated in all versions of C [-Wstrict-prototypes]
void getRotationSensorValue()
                           ^
                            void
Adc.c(127): warning: a function declaration without a prototype is deprecated in all versions of C [-Wstrict-prototypes]
void ADC0_IRQHandler()
                    ^
                     void
Adc.c(136): warning: mixing declarations and code is a C99 extension [-Wdeclaration-after-statement]
                int count = 100;
                    ^
10 warnings generated.
compiling Adc.c...
linking...
Program Size: Code=3044 RO-data=208 RW-data=0 ZI-data=416  
".\Objects\leduri.axf" - 0 Error(s), 20 Warning(s).

<h2>Software Packages used:</h2>

Package Vendor: ARM
                http://www.keil.com/pack/ARM.CMSIS.5.9.0.pack
                ARM.CMSIS.5.9.0
                CMSIS (Common Microcontroller Software Interface Standard)
   * Component: CORE Version: 5.6.0

Package Vendor: Keil
                https://www.keil.com/pack/Keil.Kinetis_KLxx_DFP.1.15.1.pack
                Keil.Kinetis_KLxx_DFP.1.15.1
                NXP Kinetis KLxx Series Device Support and Examples
   * Component: Startup Version: 2.5.0

<h2>Collection of Component include folders:</h2>
  ./RTE/Device/MKL25Z128xxx4
  ./RTE/_Target_1
  C:/Users/hutan/AppData/Local/Arm/Packs/ARM/CMSIS/5.9.0/CMSIS/Core/Include
  C:/Users/hutan/AppData/Local/Arm/Packs/Keil/Kinetis_KLxx_DFP/1.15.1/Device/Include

<h2>Collection of Component Files used:</h2>

   * Component: ARM::CMSIS:CORE:5.6.0

   * Component: Keil::Device:Startup:2.5.0
      Source file:   Device/Source/ARM/startup_MKL25Z4.s
      Include file:  Device/Source/system_MKL25Z4.h
      Source file:   Device/Source/system_MKL25Z4.c
Build Time Elapsed:  00:00:02
</pre>
</body>
</html>
